2
55
7084
2330445
1478314266
1547847846090
2426870706415800
5332692942907262361
15654733143626084944150
6564120420
4048514844039120
357557785658996609700
14828221541905870299371280
436492157579951023496648300136
10971665040700591613884634129449456
258864862352136696653733497266326332280
6042775330755648746586154003846346316488175
143934427865598739459773469503215339354507434714
92249492826218529886086900321774895545
1357740187499993272317100164273173056232088998671872900
