1
1
1
2
2
0
1
25
-1
8
4
6
233
0
-1
170
77
287
128
405
181
740
357
1175
551
1710
837
2047
988
2345
1121
2737
1294
60725
30101
4
79400
39597
4
100575
49951
4
124250
61997
4
150425
74801
4
179100
89397
4
210275
104651
4
243950
121797
4
280125
139501
4
318800
159197
4
0
857
429
239
-1
0
26
13
7
419
1
204
105
62
155
-1
160
80
44
121
0
91
46
23
68
0
47
23
35
11