NU
Iunie
Martie
Aprilie
Decembrie
Februarie
Iunie
