1
2
0
3
0
0
4
2
0
0
5
5
0
0
0
6
9
2
0
0
0
7
14
7
0
0
0
0
8
20
16
2
0
0
0
0
9
27
30
9
0
0
0
0
0
10
35
50
25
2
0
0
0
0
0
11
44
77
55
11
0
0
0
0
0
0
12
54
112
105
36
2
0
0
0
0
0
0
13
65
156
182
91
13
0
0
0
0
0
0
0
14
77
210
294
196
49
2
0
0
0
0
0
0
0
15
90
275
450
378
140
15
0
0
0
0
0
0
0
0
16
104
352
660
672
336
64
2
0
0
0
0
0
0
0
0
17
119
442
935
1122
714
204
17
0
0
0
0
0
0
0
0
0
18
135
546
1287
1782
1386
540
81
2
0
0
0
0
0
0
0
0
0
19
152
665
1729
2717
2508
1254
285
19
0
0
0
0
0
0
0
0
0
0
