8
2
360
328
40
237
1024
1024
1
71228
30228
63119
3
52328
1048576
3
771504
64653
49867
15850
364009
131072
2
6473158407
31929475040
400993756090
29158717263
985164328
1073741824
1
12786589317
6322911735
194077340137
14
518967771
4294967296
2
10983539409
5810978932
4056842785
8600
23118426
549755813888
12
66028388425
118354347407
590324949
3432
378185333468
549755813888
6
