13
9
5
16
7
30019
25
151
311
3807
628
116799
14687398
15568298
