0
2
5
660458
548330
420527
82454
0
572727
254918
486127
593931
350378
350379
502485
502019
547434
569329
627367
596101
591161
570981
631350
635549
586947
625066
